$ make -C /home/runner/work/_temp/sweet-oem-audit/source O=/home/runner/work/_temp/sweet-oem-audit/kconfig-out ARCH=arm64 CROSS_COMPILE=aarch64-linux-gnu- CC=aarch64-linux-gnu-gcc HOSTCC=gcc olddefconfig
make: Entering directory '/home/runner/work/_temp/sweet-oem-audit/source'
make[1]: Entering directory '/home/runner/work/_temp/sweet-oem-audit/kconfig-out'
  GEN     ./Makefile
scripts/kconfig/conf  --olddefconfig Kconfig
drivers/input/touchscreen/Kconfig:21:warning: ignoring unsupported character ''
drivers/input/touchscreen/k6_focaltech_3658u/Kconfig:5:warning: ignoring unsupported character ''
drivers/input/touchscreen/k6_focaltech_3658u/Kconfig:6:warning: ignoring unsupported character ''
drivers/input/touchscreen/k6_focaltech_3658u/Kconfig:7:warning: ignoring unsupported character ''
drivers/input/touchscreen/k6_focaltech_3658u/Kconfig:8:warning: ignoring unsupported character ''
drivers/input/touchscreen/k6_focaltech_3658u/Kconfig:8:warning: ignoring unsupported character ''
drivers/input/touchscreen/k6_focaltech_3658u/Kconfig:12:warning: ignoring unsupported character ''
drivers/input/touchscreen/k6_focaltech_3658u/Kconfig:13:warning: ignoring unsupported character ''
drivers/input/touchscreen/k6_focaltech_3658u/Kconfig:14:warning: ignoring unsupported character ''
drivers/input/misc/aw862xx_haptic/Kconfig:1:warning: ignoring unsupported character ''
drivers/input/misc/aw862xx_haptic/Kconfig:2:warning: ignoring unsupported character ''
drivers/input/misc/aw862xx_haptic/Kconfig:3:warning: ignoring unsupported character ''
drivers/input/misc/aw862xx_haptic/Kconfig:4:warning: ignoring unsupported character ''
drivers/input/misc/aw862xx_haptic/Kconfig:4:warning: ignoring unsupported character ''
drivers/input/misc/aw862xx_haptic/Kconfig:4:warning: ignoring unsupported character ''
drivers/input/misc/aw862xx_haptic/Kconfig:4:warning: ignoring unsupported character ''
drivers/misc/Kconfig:624:warning: config symbol defined without type
#
# configuration written to .config
#
make[1]: Leaving directory '/home/runner/work/_temp/sweet-oem-audit/kconfig-out'
make: Leaving directory '/home/runner/work/_temp/sweet-oem-audit/source'
