$ make -C /mnt/data/sweet_r42_work/r42-integration/sweet_k6a-r-oss/kconfig-source O=/mnt/data/sweet_r42_work/r42-integration/sweet_k6a-r-oss/kconfig-out ARCH=arm64 CROSS_COMPILE= CC=gcc HOSTCC=gcc olddefconfig
make: Entering directory '/mnt/data/sweet_r42_work/r42-integration/sweet_k6a-r-oss/kconfig-source'
scripts/kconfig/conf -s --olddefconfig Kconfig
drivers/input/touchscreen/Kconfig:21:warning: ignoring unsupported character ''
drivers/input/touchscreen/k6_focaltech_3658u/Kconfig:5:warning: ignoring unsupported character ''
drivers/input/touchscreen/k6_focaltech_3658u/Kconfig:6:warning: ignoring unsupported character ''
drivers/input/touchscreen/k6_focaltech_3658u/Kconfig:7:warning: ignoring unsupported character ''
drivers/input/touchscreen/k6_focaltech_3658u/Kconfig:8:warning: ignoring unsupported character ''
drivers/input/touchscreen/k6_focaltech_3658u/Kconfig:8:warning: ignoring unsupported character ''
drivers/input/touchscreen/k6_focaltech_3658u/Kconfig:12:warning: ignoring unsupported character ''
drivers/input/touchscreen/k6_focaltech_3658u/Kconfig:13:warning: ignoring unsupported character ''
drivers/input/touchscreen/k6_focaltech_3658u/Kconfig:14:warning: ignoring unsupported character ''
drivers/input/misc/aw862xx_haptic/Kconfig:1:warning: ignoring unsupported character ''
drivers/input/misc/aw862xx_haptic/Kconfig:2:warning: ignoring unsupported character ''
drivers/input/misc/aw862xx_haptic/Kconfig:3:warning: ignoring unsupported character ''
drivers/input/misc/aw862xx_haptic/Kconfig:4:warning: ignoring unsupported character ''
drivers/input/misc/aw862xx_haptic/Kconfig:4:warning: ignoring unsupported character ''
drivers/input/misc/aw862xx_haptic/Kconfig:4:warning: ignoring unsupported character ''
drivers/input/misc/aw862xx_haptic/Kconfig:4:warning: ignoring unsupported character ''
drivers/misc/Kconfig:624:warning: config symbol defined without type
make: Leaving directory '/mnt/data/sweet_r42_work/r42-integration/sweet_k6a-r-oss/kconfig-source'
